// Jest Snapshot v1, https://jestjs.io/docs/snapshot-testing

exports[`Notifier matches snapshot 1`] = `
<DocumentFragment>
  <div
    class="sc-904fb7c6-16 bRGBqy"
    data-testid="notifier"
  >
    <div
      class="sc-904fb7c6-2 frLkSI"
    >
      <div
        class="sc-904fb7c6-17 ktMLfa fixed_flex_shape"
        overflow="hidden"
        size="4.5"
      >
        <svg
          color="#B42318"
          fill="currentColor"
          height="1em"
          stroke="currentColor"
          stroke-width="0"
          style="color: rgb(180, 35, 24);"
          viewBox="0 0 1024 1024"
          width="1em"
          xmlns="http://www.w3.org/2000/svg"
        >
          <path
            d="M685.4 354.8c0-4.4-3.6-8-8-8l-66 .3L512 465.6l-99.3-118.4-66.1-.3c-4.4 0-8 3.5-8 8 0 1.9.7 3.7 1.9 5.2l130.1 155L340.5 670a8.32 8.32 0 0 0-1.9 5.2c0 4.4 3.6 8 8 8l66.1-.3L512 564.4l99.3 118.4 66 .3c4.4 0 8-3.5 8-8 0-1.9-.7-3.7-1.9-5.2L553.5 515l130.1-155c1.2-1.4 1.8-3.3 1.8-5.2z"
          />
          <path
            d="M512 65C264.6 65 64 265.6 64 513s200.6 448 448 448 448-200.6 448-448S759.4 65 512 65zm0 820c-205.4 0-372-166.6-372-372s166.6-372 372-372 372 166.6 372 372-166.6 372-372 372z"
          />
        </svg>
      </div>
      <div
        class="sc-904fb7c6-0 uuTFX"
        width="27"
      >
        <p
          class="sc-904fb7c6-5 edFMAg"
          color="#667085"
        >
          Test message
        </p>
        <span
          class="sc-904fb7c6-6 jgAJLw"
          color="#B42318"
          cursor="pointer"
          font-weight="600"
        >
          Dismiss
        </span>
      </div>
      <button
        class="sc-904fb7c6-4 fewQtc"
        color="#000000"
        font-weight="500"
        height="3.4"
        radius="0.4"
        width="3.4"
      >
        <svg
          fill="currentColor"
          height="1em"
          stroke="currentColor"
          stroke-width="0"
          style="margin-top: 0.5rem;"
          viewBox="0 0 24 24"
          width="1em"
          xmlns="http://www.w3.org/2000/svg"
        >
          <g>
            <path
              d="M0 0h24v24H0z"
              fill="none"
            />
            <path
              d="M12 10.586l4.95-4.95 1.414 1.414-4.95 4.95 4.95 4.95-1.414 1.414-4.95-4.95-4.95 4.95-1.414-1.414 4.95-4.95-4.95-4.95L7.05 5.636z"
            />
          </g>
        </svg>
      </button>
    </div>
  </div>
</DocumentFragment>
`;
